--- 1. Register Tenant ---
Register Status: 201
Token received. Tenant ID: 5f776b64-8fed-4d13-a773-c7ca548a11ff

--- 2. Create Plan ---
Plan Status: 201
Plan ID: 5f7d6ac9-1d0a-448d-acb8-bc60dc9cfcc3

--- 3. Create Customer ---
Customer Status: 201
Customer ID: b156e111-bbd5-4fae-94db-22b855b71cb2

--- 4. Create Subscription ---
Subscription Status: 201
Subscription ID: 2e4c3372-5c42-48d5-b422-56931ec6fc16

--- 5. Generate Invoices ---
Generate Invoices Status: 201
Generated: 1
Invoice ID: fe41d0c0-a469-4a0c-a462-6d6747abdbeb

--- 6. Record Payment ---
Payment Status: 201

--- 7. Recognize Revenue ---
Revenue Recognition Status: 201
Recognized Count: 0

--- 8. Check Reports ---
Balance Sheet Status: 200
Balance Check: true
Assets: { cash: 500, accountsReceivable: 0 }
Liabilities: { deferredRevenue: 500 }
Equity: { retainedEarnings: 0 }
